Bacillus_subtilis_16S_1	1386
Bacillus_subtilis_16S_2	2
Bacillus_subtilis_16S_3	1423
Bacillus_subtilis_16S_4	1423
Bacillus_subtilis_16S_5	1423
Bacillus_subtilis_16S_6	1423
Bacillus_subtilis_16S_7	1423
Bacillus_subtilis_16S_8	1423
Bacillus_subtilis_16S_9	1423
Bacillus_subtilis_16S_10	1423
Enterococcus_faecalis_16S_1	1351
Enterococcus_faecalis_16S_2	1351
Enterococcus_faecalis_16S_3	1351
Enterococcus_faecalis_16S_4	1351
Escherichia_coli_16S_1	562
Escherichia_coli_16S_2	562
Escherichia_coli_16S_3	562
Escherichia_coli_16S_4	562
Escherichia_coli_16S_5	562
Escherichia_coli_16S_7	562
Escherichia_coli_16S_8	562
Lactobacillus_fermentum_16S_1	1613
Lactobacillus_fermentum_16S_2	1613
Listeria_monocytogenes_16S_1	1639
Listeria_monocytogenes_16S_2	1639
Listeria_monocytogenes_16S_3	1639
Listeria_monocytogenes_16S_4	1639
Listeria_monocytogenes_16S_5	1639
Listeria_monocytogenes_16S_6	1639
Pseudomonas_aeruginosa_16S_1	287
Pseudomonas_aeruginosa_16S_2	287
Pseudomonas_aeruginosa_16S_3	287
Pseudomonas_aeruginosa_16S_4	287
Salmonella_enterica_16S_1	28901
Salmonella_enterica_16S_2	28901
Salmonella_enterica_16S_3	28901
Salmonella_enterica_16S_4	28901
Salmonella_enterica_16S_5	28901
Salmonella_enterica_16S_6	28901
Staphylococcus_aureus_16S_1	1280
Staphylococcus_aureus_16S_2	1280
Staphylococcus_aureus_16S_3	1280
Staphylococcus_aureus_16S_4	1280
Staphylococcus_aureus_16S_5	1280
Staphylococcus_aureus_16S_6	1280